processId,pid,state,priority,active,arrival,creationDelay,start,finish,totalCpu,remaining,currentInstance,contextSwitch,lastContextSwitch,totalContextSwitchTime,executed,timesExecuted,waiting,turnaround,ioDevice,ioRemaining,timesInIo,memoryRequested,totalMemoryAllocated,pageCount,pageFaults,swapIns,swapOuts,cpuWasteRatio,agingCounter,returnsToReady,cpuWasteCycles
A-001,1,FINISHED,0,0,614,26,4996104,8362412,15277,0,0,11,371,7351,15277,371,7428255,8361798,-1,0,46,25,400,20,220,200,220,0.000,0,0,0
B-002,2,FINISHED,0,0,566,46,4087809,4962033,3496,0,0,27,90,1717,3496,90,4674856,4961467,-1,0,13,0,400,20,84,64,84,0.000,0,0,0
C-003,3,FINISHED,0,1,146,35,2567,14280028,73214,0,0,13,1831,36755,73214,1831,10554889,14279882,-1,0,202,25,160,8,809,801,809,0.000,0,0,0
D-004,4,FINISHED,0,1,234,18,3828,14886903,72421,0,0,30,1816,36141,72421,1816,9814299,14886669,-1,0,210,0,160,8,812,804,812,0.000,0,0,0
E-005,5,FINISHED,0,1,272,50,5494,13582633,64677,0,0,17,1621,32014,64677,1621,9899526,13582361,-1,0,180,0,400,20,845,825,840,0.000,0,0,0
F-006,6,FINISHED,0,1,100,36,1815,6358177,29405,0,0,24,732,14444,29405,732,4861045,6358077,-1,0,94,0,160,8,384,376,384,0.000,0,0,0
G-007,7,FINISHED,0,0,681,19,6724622,13893439,36983,0,0,29,903,18002,36983,903,11778800,13892758,-1,0,114,48,400,20,527,507,527,0.000,0,0,0
H-008,8,FINISHED,0,1,132,15,1875,14181230,64582,0,0,16,1613,32022,64582,1613,9619813,14181098,-1,0,209,0,160,8,797,787,795,0.000,0,0,0
I-009,9,FINISHED,0,1,94,9,1305,2190418,9604,0,0,19,241,4805,9604,241,1603626,2190324,-1,0,27,48,160,8,120,112,120,0.000,0,0,0
J-010,10,FINISHED,0,1,380,14,6324,4743338,21169,0,0,23,531,10696,21169,531,3519862,4742958,-1,0,60,9,400,20,285,265,285,0.000,0,0,0
K-011,11,FINISHED,0,1,241,37,4518,12594348,58615,0,0,23,1442,28771,58615,1442,9240086,12594107,-1,0,152,0,160,8,602,592,600,0.000,0,0,0
L-012,12,FINISHED,0,0,756,24,9502494,15837465,69463,0,0,28,1715,34450,69463,1715,13025361,15836709,-1,0,220,25,400,20,547,509,518,0.000,0,0,0
M-013,13,FINISHED,0,1,433,3,7070,1654346,7339,0,0,26,174,3473,7339,174,1155681,1653913,-1,0,22,0,400,20,125,105,125,0.000,0,0,0
N-014,14,FINISHED,0,0,773,49,10315810,15714443,60301,0,0,13,1515,30476,60301,1515,13445295,15713670,-1,0,165,9,400,20,527,507,508,0.000,0,0,0
O-015,15,FINISHED,0,1,418,2,6839,9702222,41786,0,0,11,1049,20795,41786,1049,6949455,9701804,-1,0,121,0,400,20,569,549,569,0.000,0,0,0
P-016,16,FINISHED,0,0,750,1,8632781,13370647,25289,0,0,14,612,12325,25289,612,12030430,13369897,-1,0,65,0,400,20,319,299,319,0.000,0,0,0
Q-017,17,FINISHED,0,0,739,13,8651559,15078051,39275,0,0,16,966,19279,39275,966,12465310,15077312,-1,0,128,0,400,20,544,524,534,0.000,0,0,0
R-018,18,FINISHED,0,0,578,1,2366953,12194699,43468,0,0,17,1110,22344,43468,1110,9499254,12194121,-1,0,123,0,400,20,494,474,494,0.000,0,0,0
S-019,19,FINISHED,0,1,82,42,1740,14013293,68149,0,0,16,1716,34193,68149,1716,10202078,14013211,-1,0,207,25,160,8,843,835,843,0.000,0,0,0
T-020,20,FINISHED,0,1,137,36,2281,3184808,14694,0,0,26,359,7106,14694,359,2387390,3184671,-1,0,37,0,160,8,148,140,148,0.000,0,0,0
U-021,21,FINISHED,0,1,469,24,8250,13499024,62669,0,0,22,1575,31464,62669,1575,9773843,13498555,-1,0,186,0,400,20,886,866,886,0.000,0,0,0
V-022,22,FINISHED,0,1,441,40,8006,8626736,41600,0,0,20,1004,20081,41600,1004,6653067,8626295,-1,0,106,0,400,20,501,481,501,0.000,0,0,0
W-023,23,FINISHED,0,1,308,38,5811,5316038,24762,0,0,16,623,12367,24762,623,4139715,5315730,-1,0,67,0,400,20,329,309,329,0.000,0,0,0
X-024,24,FINISHED,0,0,552,13,1804517,11726433,43343,0,0,25,1056,21229,43343,1056,8701467,11725881,-1,0,133,25,400,20,619,599,619,0.000,0,0,0
Y-025,25,FINISHED,0,0,722,35,8858809,15765823,60352,0,0,21,1493,30038,60352,1493,12495473,15765101,-1,0,199,18,400,20,646,626,626,0.000,0,0,0
Z-026,26,FINISHED,0,1,193,34,3389,14522845,73188,0,0,27,1834,36227,73188,1834,10154128,14522652,-1,0,229,0,160,8,887,879,887,0.000,0,0,0
AA-027,27,FINISHED,0,0,577,7,2853847,5738685,12962,0,0,23,328,6640,12962,328,5021539,5738108,-1,0,36,0,400,20,191,171,191,0.000,0,0,0
AB-028,28,FINISHED,0,1,150,37,2695,12288748,57301,0,0,10,1410,28232,57301,1410,9116499,12288598,-1,0,165,25,160,8,672,663,666,0.000,0,0,0
AC-029,29,FINISHED,0,0,553,13,1811753,12033514,44831,0,0,21,1125,22649,44831,1125,9076950,12032961,-1,0,148,30,160,8,581,573,581,0.000,0,0,0
AD-030,30,FINISHED,0,0,668,7,6223757,15467773,61062,0,0,30,1524,30626,61062,1524,11906334,15467105,-1,0,184,0,200,10,771,751,756,0.000,0,0,0
AE-031,31,FINISHED,0,1,49,33,886,3246995,14006,0,0,16,352,7072,14006,352,2330733,3246946,-1,0,47,0,160,8,206,198,206,0.000,0,0,0
AF-032,32,FINISHED,0,0,604,20,4558657,9626461,22325,0,0,21,569,11632,22325,569,8298210,9625857,-1,0,70,0,160,8,280,272,280,0.000,0,0,0
AG-033,33,FINISHED,0,1,91,15,1430,12129639,52749,0,0,20,1325,26888,52749,1325,8612041,12129548,-1,0,153,0,160,8,628,618,628,0.000,0,0,0
AH-034,34,FINISHED,0,1,470,50,9002,2010973,8489,0,0,15,208,4163,8489,208,1382603,2010503,-1,0,24,0,400,20,138,118,138,0.000,0,0,0
AI-035,35,FINISHED,0,0,784,45,10329619,14840449,28583,0,0,28,725,14448,28583,725,13048772,14839665,-1,0,97,0,160,8,369,361,367,0.000,0,0,0
AJ-036,36,FINISHED,0,1,8,50,229,1804697,7708,0,0,23,195,3893,7708,195,1288244,1804689,-1,0,31,48,160,8,136,128,132,0.000,0,0,0
AK-037,37,FINISHED,0,1,17,50,412,13141295,60269,0,0,19,1506,30027,60269,1506,9411675,13141278,-1,0,189,0,160,8,747,739,747,0.000,0,0,0
AL-038,38,FINISHED,0,0,795,15,10164815,13205215,16480,0,0,21,409,8289,16480,409,12321226,13204420,-1,0,44,0,160,8,172,164,172,0.000,0,0,0
AM-039,39,FINISHED,0,1,97,10,1501,9786444,44308,0,0,19,1105,22293,44308,1105,7288898,9786347,-1,0,114,0,160,8,478,470,478,0.000,0,0,0
AN-040,40,FINISHED,0,1,318,42,5994,6923826,31588,0,0,20,810,15964,31588,810,5378591,6923508,-1,0,99,25,400,20,444,424,444,0.000,0,0,0
AO-041,41,FINISHED,0,0,755,30,9632975,15870440,84490,0,0,12,2096,41883,84490,2096,13280647,15869685,-1,0,255,9,160,8,450,442,442,0.000,0,0,0
AP-042,42,FINISHED,0,0,523,8,693697,15193383,73244,0,0,19,1841,37081,73244,1841,9898301,15192860,-1,0,227,30,160,8,886,878,883,0.000,0,0,0
AQ-043,43,FINISHED,0,1,445,50,8471,119647,696,0,0,28,17,377,696,17,118079,119202,-1,0,0,0,105,20,8,2,8,0.000,0,0,0
AR-044,44,FINISHED,0,1,90,12,1246,5707577,25804,0,0,23,659,12917,25804,659,4370242,5707487,-1,0,66,0,160,8,278,270,278,0.000,0,0,0
AS-045,45,FINISHED,0,0,719,41,9038512,14933032,38866,0,0,16,973,19597,38866,973,12736695,14932313,-1,0,121,0,160,8,440,430,435,0.000,0,0,0
AT-046,46,FINISHED,0,1,455,41,8561,10309792,44902,0,0,23,1131,22672,44902,1131,7499148,10309337,-1,0,131,25,400,20,614,594,614,0.000,0,0,0
AU-047,47,FINISHED,0,1,498,15,8924,4707907,20968,0,0,24,525,10550,20968,525,3509868,4707409,-1,0,61,0,400,20,314,294,314,0.000,0,0,0
AV-048,48,FINISHED,0,0,625,23,5322781,14908894,54571,0,0,15,1350,26630,54571,1350,11871766,14908269,-1,0,147,0,160,8,678,658,668,0.000,0,0,0
AW-049,49,FINISHED,0,0,665,19,6708599,11131501,19177,0,0,21,488,9743,19177,488,9918402,11130836,-1,0,58,0,400,20,283,263,283,0.000,0,0,0
AX-050,50,FINISHED,0,1,79,44,1689,13961310,67937,0,0,28,1691,33756,67937,1691,10151476,13961231,-1,0,204,0,160,8,795,787,795,0.000,0,0,0
AY-051,51,FINISHED,0,0,771,33,9771688,11623108,8775,0,0,20,228,4506,8775,228,11205021,11622337,-1,0,25,0,400,20,141,121,141,0.000,0,0,0
AZ-052,52,FINISHED,0,1,31,11,189,14927193,74363,0,0,24,1876,37555,74363,1876,10173708,14927162,-1,0,234,0,160,8,916,907,914,0.000,0,0,0
BA-053,53,FINISHED,0,1,246,17,4183,11175260,51297,0,0,13,1285,25592,51297,1285,8479963,11175014,-1,0,154,0,160,8,609,601,609,0.000,0,0,0
BB-054,54,FINISHED,0,1,37,42,820,11190365,49340,0,0,15,1220,24132,49340,1220,8064792,11190328,-1,0,130,0,160,8,530,522,530,0.000,0,0,0
BC-055,55,FINISHED,0,0,547,44,3191375,4986255,8451,0,0,29,211,4056,8451,211,4584700,4985708,-1,0,16,0,160,8,79,71,79,0.000,0,0,0
BD-056,56,FINISHED,0,0,624,12,4749740,6217258,7366,0,0,17,177,3546,7366,177,5911415,6216634,-1,0,18,0,400,20,102,82,102,0.000,0,0,0
BE-057,57,FINISHED,0,0,678,31,7099120,15832819,82505,0,0,17,2050,41088,82505,2050,12054604,15832141,-1,0,263,0,400,20,745,725,725,0.000,0,0,0
BF-058,58,FINISHED,0,0,562,5,1879365,13910498,58445,0,0,18,1455,29149,58445,1455,10407343,13909936,-1,0,169,0,160,8,675,667,675,0.000,0,0,0
BG-059,59,FINISHED,0,0,628,23,5330348,7784248,10870,0,0,16,274,5581,10870,274,7132180,7783620,-1,0,38,0,400,20,195,175,195,0.000,0,0,0
BH-060,60,FINISHED,0,0,790,48,10415275,13255877,14462,0,0,17,361,7264,14462,361,12267501,13255087,-1,0,42,0,160,8,183,175,183,0.000,0,0,0
BI-061,61,FINISHED,0,1,25,38,309,13826170,63664,0,0,24,1611,32186,63664,1611,9653493,13826145,-1,0,200,48,160,8,773,764,770,0.000,0,0,0
BJ-062,62,FINISHED,0,1,271,24,5124,11642995,50715,0,0,12,1292,26080,50715,1292,8468961,11642724,-1,0,162,0,400,20,779,759,779,0.000,0,0,0
BK-063,63,FINISHED,0,0,543,32,1986650,15466175,82940,0,0,22,2073,41752,82940,2073,11065572,15465632,-1,0,244,30,160,8,820,809,811,0.000,0,0,0
BL-064,64,FINISHED,0,0,724,22,8326477,13222614,24702,0,0,13,597,12161,24702,597,11711011,13221890,-1,0,65,0,400,20,323,303,323,0.000,0,0,0
BM-065,65,FINISHED,0,0,588,49,4969250,15224397,54493,0,0,27,1379,27512,54493,1379,11454684,15223809,-1,0,174,9,400,20,779,759,774,0.000,0,0,0
BN-066,66,FINISHED,0,1,286,7,5066,6718180,30894,0,0,21,758,15183,30894,758,5024375,6717894,-1,0,94,0,400,20,438,418,438,0.000,0,0,0
BO-067,67,FINISHED,0,1,205,47,3887,1980093,9846,0,0,30,244,4831,9846,244,1618967,1979888,-1,0,24,0,160,8,112,102,110,0.000,0,0,0
BP-068,68,FINISHED,0,0,638,17,5372887,15662102,70002,0,0,16,1729,34643,70002,1729,11815153,15661464,-1,0,225,0,400,20,864,844,845,0.000,0,0,0
BQ-069,69,FINISHED,0,0,637,33,5745212,13548499,39456,0,0,19,977,19607,39456,977,11402870,13547862,-1,0,118,0,400,20,545,525,541,0.000,0,0,0
BR-070,70,FINISHED,0,1,310,3,5443,10837651,47517,0,0,26,1195,24000,47517,1195,7891711,10837341,-1,0,144,0,400,20,661,641,661,0.000,0,0,0
BS-071,71,FINISHED,0,0,568,22,3175422,4104970,4004,0,0,21,97,1975,4004,97,3815329,4104402,-1,0,16,0,400,20,91,71,91,0.000,0,0,0
BT-072,72,FINISHED,0,1,78,18,1161,13313628,60025,0,0,10,1521,30382,60025,1521,9445389,13313550,-1,0,185,0,160,8,759,751,759,0.000,0,0,0
BU-073,73,FINISHED,0,0,611,49,5381838,14981079,52204,0,0,13,1304,26250,52204,1304,11535525,14980468,-1,0,165,0,160,8,701,663,693,0.000,0,0,0
BV-074,74,FINISHED,0,0,707,14,7204991,15657894,66240,0,0,28,1655,33182,66240,1655,12214847,15657187,-1,0,189,0,160,8,580,572,572,0.000,0,0,0
BW-075,75,FINISHED,0,1,254,30,4880,1445371,6168,0,0,14,156,2993,6168,156,1030146,1445117,-1,0,19,0,160,8,82,74,82,0.000,0,0,0
BX-076,76,FINISHED,0,0,683,33,7159142,10251052,14238,0,0,30,352,7131,14238,352,9459646,10250369,-1,0,48,48,400,20,234,214,234,0.000,0,0,0
BY-077,77,FINISHED,0,0,787,17,9792168,12578089,13585,0,0,11,344,7068,13585,344,11783980,12577302,-1,0,33,0,160,8,136,125,133,0.000,0,0,0
BZ-078,78,FINISHED,0,1,306,46,5902,9495735,43561,0,0,29,1067,21105,43561,1067,7058646,9495429,-1,0,115,0,400,20,550,530,550,0.000,0,0,0
CA-079,79,FINISHED,0,1,277,46,5556,15076825,73735,0,0,26,1823,36350,73735,1823,9909021,15076548,-1,0,235,30,160,8,1000,980,998,0.000,0,0,0
CB-080,80,FINISHED,0,0,644,35,6365609,11118328,19900,0,0,25,500,10021,19900,500,9645529,11117684,-1,0,58,0,160,8,252,244,252,0.000,0,0,0
CC-081,81,FINISHED,0,0,720,8,7519366,14356814,34994,0,0,19,889,17759,34994,889,12082935,14356094,-1,0,107,0,400,20,496,476,491,0.000,0,0,0
CD-082,82,FINISHED,0,1,334,46,6233,5266922,24409,0,0,28,592,11942,24409,592,3943079,5266588,-1,0,68,0,400,20,336,316,336,0.000,0,0,0
CE-083,83,FINISHED,0,1,148,11,2174,10323790,44122,0,0,21,1110,22189,44122,1110,7327621,10323642,-1,0,145,0,160,8,582,574,582,0.000,0,0,0
CF-084,84,FINISHED,0,1,226,23,3770,13099634,60431,0,0,22,1531,30303,60431,1531,9591939,13099408,-1,0,190,0,160,8,748,740,748,0.000,0,0,0
CG-085,85,FINISHED,0,1,258,22,4670,4337734,19290,0,0,21,474,9346,19290,474,3143392,4337476,-1,0,58,0,160,8,163,155,161,0.000,0,0,0
CH-086,86,FINISHED,0,1,442,49,8098,6701833,32536,0,0,15,793,15787,32536,793,5255611,6701391,-1,0,78,0,400,20,381,361,381,0.000,0,0,0
CI-087,87,FINISHED,0,1,468,25,8278,14595172,70767,0,0,10,1755,34811,70767,1755,9902264,14594704,-1,0,226,0,400,20,1010,990,1007,0.000,0,0,0
CJ-088,88,FINISHED,0,1,398,25,6910,10621194,46488,0,0,30,1155,23172,46488,1155,7644640,10620796,-1,0,133,0,400,20,623,603,623,0.000,0,0,0
CK-089,89,FINISHED,0,1,140,8,1929,3965520,18142,0,0,11,458,9068,18142,458,3036230,3965380,-1,0,42,0,160,8,183,175,183,0.000,0,0,0
CL-090,90,FINISHED,0,1,295,46,5786,10099788,44834,0,0,16,1112,22169,44834,1112,7356143,10099493,-1,0,126,0,400,20,576,556,576,0.000,0,0,0
CM-091,91,FINISHED,0,0,669,36,6930561,15280970,56025,0,0,17,1411,27873,56025,1411,12548840,15280301,-1,0,169,0,160,8,705,685,698,0.000,0,0,0
CN-092,92,FINISHED,0,0,569,16,2864485,5375288,11993,0,0,25,293,6011,11993,293,4785016,5374719,-1,0,34,18,400,20,185,165,185,0.000,0,0,0
CO-093,93,FINISHED,0,1,264,9,4459,10825180,48456,0,0,29,1223,24390,48456,1223,8095802,10824916,-1,0,141,18,400,20,672,652,668,0.000,0,0,0
CP-094,94,FINISHED,0,1,419,49,7690,13046315,59966,0,0,10,1505,29988,59966,1505,9533357,13045896,-1,0,168,0,400,20,810,790,810,0.000,0,0,0
CQ-095,95,FINISHED,0,0,658,8,5714478,13461608,34459,0,0,27,875,17515,34459,875,10894258,13460950,-1,0,117,0,160,8,459,451,459,0.000,0,0,0
CR-096,96,FINISHED,0,0,584,34,4299220,13692507,44812,0,0,12,1108,21856,44812,1108,10745106,13691923,-1,0,143,25,160,8,569,561,569,0.000,0,0,0
CS-097,97,FINISHED,0,0,573,33,3294875,12049653,36919,0,0,16,939,18975,36919,939,9323660,12049080,-1,0,130,25,160,8,514,506,510,0.000,0,0,0
CT-098,98,FINISHED,0,1,218,6,3348,14076692,68858,0,0,30,1731,34849,68858,1731,10232067,14076474,-1,0,216,0,160,8,825,817,825,0.000,0,0,0
CU-099,99,FINISHED,0,0,520,17,984748,9683994,40631,0,0,12,1032,20578,40631,1032,7773121,9683474,-1,0,104,0,160,8,425,417,425,0.000,0,0,0
CV-100,100,FINISHED,0,1,127,47,2360,14645729,76695,0,0,23,1918,38728,76695,1918,10582547,14645602,-1,0,222,0,160,8,894,886,889,0.000,0,0,0
CW-101,101,FINISHED,0,0,510,6,127558,12923007,54566,0,0,19,1373,27303,54566,1373,8792895,12922497,-1,0,183,0,160,8,725,717,725,0.000,0,0,0
CX-102,102,FINISHED,0,1,404,13,6774,5366148,26480,0,0,25,647,12746,26480,647,4298906,5365744,-1,0,74,0,400,20,353,333,353,0.000,0,0,0
CY-103,103,FINISHED,0,1,408,36,7256,11469629,52464,0,0,11,1297,25993,52464,1297,8527595,11469221,-1,0,145,0,400,20,662,642,662,0.000,0,0,0
CZ-104,104,FINISHED,0,1,59,25,955,3331617,14719,0,0,24,366,7296,14719,366,2427508,3331558,-1,0,47,0,160,8,207,199,207,0.000,0,0,0
DA-105,105,FINISHED,0,0,600,47,5273429,15459093,64487,0,0,22,1616,32643,64487,1616,11433418,15458493,-1,0,192,0,160,8,731,711,720,0.000,0,0,0
DB-106,106,FINISHED,0,1,500,27,9141,4368013,19550,0,0,11,484,9623,19550,484,3197997,4367513,-1,0,59,0,400,20,294,274,294,0.000,0,0,0
DC-107,107,FINISHED,0,0,692,49,7790303,15272594,45764,0,0,23,1147,23058,45764,1147,12303710,15271902,-1,0,136,18,400,20,554,524,540,0.000,0,0,0
DD-108,108,FINISHED,0,0,639,33,6010849,15175351,53331,0,0,12,1352,27500,53331,1352,12113823,15174712,-1,0,162,0,400,20,732,712,724,0.000,0,0,0
DE-109,109,FINISHED,0,1,392,23,6691,155152,809,0,0,22,21,412,809,21,142070,154760,-1,0,2,0,166,20,24,10,21,0.000,0,0,0
DF-110,110,FINISHED,0,1,420,16,7123,10399668,46936,0,0,18,1195,23832,46936,1195,7900140,10399248,-1,0,131,0,400,20,631,611,631,0.000,0,0,0
DG-111,111,FINISHED,0,0,786,49,10406560,11495453,4840,0,0,26,127,2580,4840,127,11199869,11494667,-1,0,15,0,400,20,95,75,90,0.000,0,0,0
DH-112,112,FINISHED,0,0,592,27,4373896,15595260,79519,0,0,24,1991,39839,79519,1991,11697519,15594668,-1,0,235,0,400,20,889,869,875,0.000,0,0,0
DI-113,113,FINISHED,0,1,471,2,7846,4830266,21995,0,0,28,535,10655,21995,535,3569477,4829795,-1,0,57,0,400,20,283,263,283,0.000,0,0,0
DJ-114,114,FINISHED,0,1,189,32,3279,6754253,28007,0,0,24,697,13937,28007,697,4625530,6754064,-1,0,88,48,160,8,277,269,276,0.000,0,0,0
DK-115,115,FINISHED,0,0,775,41,10210876,15653276,54603,0,0,10,1362,27339,54603,1362,13215205,15652501,-1,0,177,9,160,8,427,419,419,0.000,0,0,0
DL-116,116,FINISHED,0,0,519,2,160811,8320420,36070,0,0,27,910,18050,36070,910,6177669,8319901,-1,0,96,0,400,20,462,442,459,0.000,0,0,0
DM-117,117,FINISHED,0,1,204,14,3149,14692342,71563,0,0,17,1813,36522,71563,1813,9994287,14692138,-1,0,232,30,160,8,388,380,381,0.000,0,0,0
DN-118,118,FINISHED,0,1,154,2,2124,10204131,43462,0,0,14,1081,21769,43462,1081,7140121,10203977,-1,0,136,0,160,8,552,544,552,0.000,0,0,0
DO-119,119,FINISHED,0,0,542,40,2373770,6279395,16639,0,0,22,412,8150,16639,412,5090447,6278853,-1,0,54,0,160,8,221,213,221,0.000,0,0,0
DP-120,120,FINISHED,0,1,453,40,8359,8852566,39087,0,0,27,968,19740,39087,968,6424837,8852113,-1,0,122,0,400,20,584,564,584,0.000,0,0,0
DQ-121,121,FINISHED,0,1,21,47,537,13988952,70638,0,0,14,1734,34598,70638,1734,10378874,13988931,-1,0,209,0,160,8,840,832,840,0.000,0,0,0
DR-122,122,FINISHED,0,1,507,43,9245,15157061,82316,0,0,30,2028,40250,82316,2028,10370489,15156554,-1,0,255,18,400,20,1084,1064,1075,0.000,0,0,0
DS-123,123,FINISHED,0,0,546,49,3203966,15227067,67732,0,0,18,1683,33487,67732,1683,11154796,15226521,-1,0,199,0,160,8,712,704,707,0.000,0,0,0
DT-124,124,FINISHED,0,0,730,23,8827305,10771458,8723,0,0,27,213,4071,8723,213,10213013,10770728,-1,0,27,0,160,8,118,110,113,0.000,0,0,0
DU-125,125,FINISHED,0,1,314,12,5615,3168559,13490,0,0,18,338,6865,13490,338,2252018,3168245,-1,0,44,25,400,20,226,206,226,0.000,0,0,0
DV-126,126,FINISHED,0,1,353,25,6179,11597752,49875,0,0,18,1238,24708,49875,1238,8136437,11597399,-1,0,169,0,400,20,774,754,774,0.000,0,0,0
DW-127,127,FINISHED,0,1,384,48,6992,4989011,22538,0,0,15,554,10772,22538,554,3684174,4988627,-1,0,64,25,400,20,325,305,325,0.000,0,0,0
DX-128,128,FINISHED,0,1,270,11,4757,1288276,5165,0,0,13,136,2740,5165,136,899174,1288006,-1,0,18,18,400,20,74,54,71,0.000,0,0,0
DY-129,129,FINISHED,0,1,486,22,8826,7152326,29847,0,0,13,782,15530,29847,782,5183432,7151840,-1,0,108,0,400,20,530,510,530,0.000,0,0,0
DZ-130,130,FINISHED,0,0,572,46,4344105,14337392,52214,0,0,18,1287,26020,52214,1287,11382897,14336820,-1,0,144,0,160,8,617,583,607,0.000,0,0,0
EA-131,131,FINISHED,0,0,740,30,9286164,15764555,63962,0,0,19,1615,32398,63962,1615,12627690,15763815,-1,0,201,0,160,8,477,453,468,0.000,0,0,0
EB-132,132,FINISHED,0,1,456,33,8058,15070689,82887,0,0,21,2080,41828,82887,2080,10752848,15070233,-1,0,234,30,400,20,1050,1030,1045,0.000,0,0,0
EC-133,133,FINISHED,0,1,181,16,2905,11565827,50470,0,0,21,1264,25218,50470,1264,8323548,11565646,-1,0,158,0,160,8,634,626,634,0.000,0,0,0
ED-134,134,FINISHED,0,0,508,16,525267,9198052,37559,0,0,27,936,18736,37559,936,6726598,9197544,-1,0,119,0,400,20,578,558,578,0.000,0,0,0
EE-135,135,FINISHED,0,0,567,8,2017831,7092925,22104,0,0,18,538,10675,22104,538,5576483,7092358,-1,0,73,48,400,20,363,343,358,0.000,0,0,0
EF-136,136,FINISHED,0,1,1,40,149,14240996,68592,0,0,28,1743,34761,68592,1743,10194805,14240995,-1,0,207,0,160,8,806,796,801,0.000,0,0,0
EG-137,137,FINISHED,0,1,36,37,698,1872782,8188,0,0,22,207,3998,8188,207,1373541,1872746,-1,0,27,0,160,8,122,112,116,0.000,0,0,0
EH-138,138,FINISHED,0,1,116,50,2206,12377490,56658,0,0,11,1418,28126,56658,1418,9110635,12377374,-1,0,160,0,160,8,659,651,659,0.000,0,0,0
EI-139,139,FINISHED,0,1,454,15,7721,14823804,78947,0,0,22,1919,38452,78947,1919,10420314,14823350,-1,0,212,30,400,20,971,951,966,0.000,0,0,0
EJ-140,140,FINISHED,0,0,528,50,2197214,13681434,57481,0,0,28,1435,28667,57481,1435,10797405,13680906,-1,0,163,0,160,8,623,615,623,0.000,0,0,0
EK-141,141,FINISHED,0,0,619,25,5207400,13347853,39195,0,0,25,960,18987,39195,960,10912003,13347234,-1,0,104,0,160,8,433,425,433,0.000,0,0,0
EL-142,142,FINISHED,0,1,300,38,5696,14884323,77163,0,0,28,1905,38129,77163,1905,10363719,14884023,-1,0,215,0,160,8,1035,1009,1029,0.000,0,0,0
EM-143,143,FINISHED,0,1,101,14,1643,15371794,80902,0,0,23,2026,40700,80902,2026,10061846,15371693,-1,0,266,0,160,8,987,979,985,0.000,0,0,0
EN-144,144,FINISHED,0,0,766,8,9364498,15569748,54024,0,0,27,1349,26812,54024,1349,13217533,15568982,-1,0,156,0,400,20,592,572,581,0.000,0,0,0
EO-145,145,FINISHED,0,0,539,49,3165354,8645410,24536,0,0,30,615,12403,24536,615,7222306,8644871,-1,0,70,0,400,20,344,324,344,0.000,0,0,0
EP-146,146,FINISHED,0,1,304,34,5748,10591404,47041,0,0,30,1174,23406,47041,1174,7767654,10591100,-1,0,153,0,400,20,712,692,712,0.000,0,0,0
EQ-147,147,FINISHED,0,0,735,11,8368790,15588818,54225,0,0,21,1373,27369,54225,1373,12665515,15588083,-1,0,156,0,276,16,614,588,594,0.000,0,0,0
ER-148,148,FINISHED,0,0,517,47,1452399,9280018,32649,0,0,10,825,16399,32649,825,6891329,9279501,-1,0,115,30,160,8,449,441,449,0.000,0,0,0
ES-149,149,FINISHED,0,1,355,43,6365,1797268,7391,0,0,12,190,3796,7391,190,1262691,1796913,-1,0,26,0,400,20,142,122,142,0.000,0,0,0
ET-150,150,FINISHED,0,1,231,38,4357,3197216,13476,0,0,19,337,6746,13476,337,2235064,3196985,-1,0,38,0,160,8,164,156,164,0.000,0,0,0
EU-151,151,FINISHED,0,1,473,25,8621,7735450,34837,0,0,11,872,17533,34837,872,5778792,7734977,-1,0,96,48,400,20,481,461,481,0.000,0,0,0
EV-152,152,FINISHED,0,1,220,50,4408,12257714,57113,0,0,28,1444,29238,57113,1444,9337719,12257494,-1,0,160,18,160,8,653,645,653,0.000,0,0,0
EW-153,153,FINISHED,0,1,259,8,4281,2360115,11001,0,0,14,265,5356,11001,265,1755688,2359856,-1,0,29,30,160,8,128,120,128,0.000,0,0,0
EX-154,154,FINISHED,0,1,260,46,5313,2858218,12466,0,0,17,319,6484,12466,319,2123248,2857958,-1,0,39,0,400,20,172,152,171,0.000,0,0,0
EY-155,155,FINISHED,0,1,168,40,2945,687184,3616,0,0,29,85,1686,3616,85,567127,687016,-1,0,9,0,160,8,49,41,45,0.000,0,0,0
EZ-156,156,FINISHED,0,1,178,49,3451,14191133,64557,0,0,15,1620,32243,64557,1620,9485310,14190955,-1,0,210,25,160,8,856,848,856,0.000,0,0,0
FA-157,157,FINISHED,0,1,215,3,3194,12551909,56779,0,0,24,1431,28590,56779,1431,9166657,12551694,-1,0,170,0,160,8,374,366,371,0.000,0,0,0
FB-158,158,FINISHED,0,0,798,47,10523568,14097230,21204,0,0,20,515,10200,21204,515,12811900,14096432,-1,0,60,9,160,8,237,229,237,0.000,0,0,0
FC-159,159,FINISHED,0,0,764,42,10106782,14723805,29614,0,0,12,722,14333,29614,722,13016517,14723041,-1,0,91,0,160,8,388,368,381,0.000,0,0,0
FD-160,160,FINISHED,0,0,530,10,1295122,3266451,8471,0,0,25,218,4531,8471,218,2747194,3265921,-1,0,27,48,400,20,154,134,154,0.000,0,0,0
FE-161,161,FINISHED,0,1,201,46,3709,10158231,46757,0,0,14,1179,23546,46757,1179,7791918,10158030,-1,0,112,0,160,8,484,475,483,0.000,0,0,0
FF-162,162,FINISHED,0,1,161,30,2825,10516301,49898,0,0,30,1273,25504,49898,1273,8394819,10516140,-1,0,111,0,160,8,461,451,459,0.000,0,0,0
FG-163,163,FINISHED,0,1,464,46,8871,11564511,52548,0,0,13,1312,25818,52548,1312,8635924,11564047,-1,0,144,0,400,20,682,662,682,0.000,0,0,0
FH-164,164,FINISHED,0,1,485,8,8414,14561705,68410,0,0,30,1720,34609,68410,1720,9747401,14561220,-1,0,222,0,400,20,1019,999,1019,0.000,0,0,0
FI-165,165,FINISHED,0,1,368,34,6452,11634036,50041,0,0,21,1243,24592,50041,1243,8169805,11633668,-1,0,180,0,400,20,817,797,817,0.000,0,0,0
FJ-166,166,FINISHED,0,1,33,32,351,4552308,19545,0,0,12,501,9923,19545,501,3328115,4552275,-1,0,60,0,160,8,113,103,107,0.000,0,0,0
FK-167,167,FINISHED,0,0,594,43,4993336,7198295,8748,0,0,17,225,4437,8748,225,6468804,7197701,-1,0,34,0,160,8,142,134,142,0.000,0,0,0
FL-168,168,FINISHED,0,1,285,1,4919,6036791,25837,0,0,25,687,13769,25837,687,4562115,6036506,-1,0,72,0,400,20,368,348,368,0.000,0,0,0
FM-169,169,FINISHED,0,1,199,11,2983,9332217,42470,0,0,27,1062,21274,42470,1062,7023224,9332018,-1,0,126,0,160,8,517,509,517,0.000,0,0,0
FN-170,170,FINISHED,0,1,378,35,6653,14210812,70977,0,0,14,1764,35208,70977,1764,10364465,14210434,-1,0,201,0,400,20,895,875,895,0.000,0,0,0
FO-171,171,FINISHED,0,1,151,24,2509,10408349,47071,0,0,15,1194,24117,47071,1194,7885197,10408198,-1,0,129,0,160,8,517,509,517,0.000,0,0,0
FP-172,172,FINISHED,0,0,511,4,126008,14916948,76564,0,0,14,1896,38363,76564,1896,10114119,14916437,-1,0,229,0,400,20,1035,1015,1035,0.000,0,0,0
FQ-173,173,FINISHED,0,1,274,12,4978,15210341,85000,0,0,11,2115,42260,85000,2115,10661517,15210067,-1,0,229,0,160,8,972,952,966,0.000,0,0,0
FR-174,174,FINISHED,0,1,427,11,7211,3158838,13129,0,0,10,331,6667,13129,331,2205463,3158411,-1,0,45,0,400,20,220,200,220,0.000,0,0,0
FS-175,175,FINISHED,0,1,171,10,2606,4236989,18360,0,0,19,466,9084,18360,466,3083968,4236818,-1,0,55,0,160,8,234,225,233,0.000,0,0,0
FT-176,176,FINISHED,0,1,273,10,4805,9200316,40230,0,0,26,1013,20033,40230,1013,6704283,9200043,-1,0,106,18,400,20,487,467,487,0.000,0,0,0
FU-177,177,FINISHED,0,1,389,43,7033,5165362,22394,0,0,14,575,11562,22394,575,3825042,5164973,-1,0,75,9,400,20,368,348,368,0.000,0,0,0
FV-178,178,FINISHED,0,1,152,22,2442,4293907,19077,0,0,16,474,9566,19077,474,3157569,4293755,-1,0,45,0,160,8,200,190,198,0.000,0,0,0
FW-179,179,FINISHED,0,1,402,43,7332,6005251,26161,0,0,16,664,13261,26161,664,4410777,6004849,-1,0,78,0,400,20,376,356,376,0.000,0,0,0
FX-180,180,FINISHED,0,1,359,50,6518,14073788,69421,0,0,30,1748,34825,69421,1748,10267506,14073429,-1,0,211,0,400,20,1011,991,1006,0.000,0,0,0
FY-181,181,FINISHED,0,1,263,32,5160,14770732,77332,0,0,28,1915,38231,77332,1915,10447626,14770469,-1,0,221,0,160,8,1003,972,994,0.000,0,0,0
FZ-182,182,FINISHED,0,0,662,12,6043437,8425202,11196,0,0,18,272,5412,11196,272,7821967,8424540,-1,0,34,0,400,20,178,158,178,0.000,0,0,0
GA-183,183,FINISHED,0,0,599,42,5171733,15589079,68278,0,0,17,1724,34775,68278,1724,11541398,15588480,-1,0,215,0,400,20,844,824,830,0.000,0,0,0
GB-184,184,FINISHED,0,0,745,27,9337715,15392626,52809,0,0,18,1311,26168,52809,1311,12902579,15391881,-1,0,140,0,160,8,437,429,433,0.000,0,0,0
GC-185,185,FINISHED,0,1,434,16,7407,9765914,43874,0,0,27,1091,21870,43874,1091,7211371,9765480,-1,0,132,30,400,20,645,625,645,0.000,0,0,0
GD-186,186,FINISHED,0,1,478,45,9033,6637988,26703,0,0,23,691,13714,26703,691,4584308,6637510,-1,0,100,0,400,20,494,474,494,0.000,0,0,0
GE-187,187,FINISHED,0,1,462,18,7952,13895227,65855,0,0,10,1648,32775,65855,1648,9942090,13894765,-1,0,203,0,400,20,939,919,939,0.000,0,0,0
GF-188,188,FINISHED,0,1,0,36,36,2366628,11337,0,0,24,287,5674,11337,287,1889157,2366628,-1,0,31,0,160,8,128,120,128,0.000,0,0,0
GG-189,189,FINISHED,0,0,776,44,10281647,15859720,72741,0,0,17,1831,36510,72741,1831,13144124,15858944,-1,0,239,0,400,20,504,472,483,0.000,0,0,0
GH-190,190,FINISHED,0,1,207,37,3650,1340151,6292,0,0,21,165,3212,6292,165,1098517,1339944,-1,0,11,0,160,8,47,39,46,0.000,0,0,0
GI-191,191,FINISHED,0,1,194,22,3094,12289364,57082,0,0,19,1432,28451,57082,1432,9275109,12289170,-1,0,148,0,160,8,602,594,602,0.000,0,0,0
GJ-192,192,FINISHED,0,1,51,46,1221,15198558,83481,0,0,30,2085,41823,83481,2085,10355913,15198507,-1,0,243,18,160,8,882,874,877,0.000,0,0,0
GK-193,193,FINISHED,0,1,67,38,1384,14079998,68771,0,0,11,1702,34235,68771,1702,10224665,14079931,-1,0,195,0,160,8,767,759,762,0.000,0,0,0
GL-194,194,FINISHED,0,0,632,46,6285411,14881001,47116,0,0,13,1174,23637,47116,1174,11824624,14880369,-1,0,155,0,160,8,603,595,603,0.000,0,0,0
GM-195,195,FINISHED,0,0,545,26,1967280,14920391,68543,0,0,27,1754,35036,68543,1754,11334299,14919846,-1,0,181,0,400,20,829,809,829,0.000,0,0,0
GN-196,196,FINISHED,0,1,276,13,5016,2847296,13091,0,0,14,321,6447,13091,321,2143955,2847020,-1,0,31,0,400,20,167,147,167,0.000,0,0,0
GO-197,197,FINISHED,0,1,52,39,1077,11712973,51922,0,0,24,1285,25502,51922,1285,8407551,11712921,-1,0,161,0,160,8,608,600,608,0.000,0,0,0
GP-198,198,FINISHED,0,1,212,46,3965,5200686,23784,0,0,10,607,12261,23784,607,4027126,5200474,-1,0,68,9,160,8,268,260,268,0.000,0,0,0
GQ-199,199,FINISHED,0,0,725,35,9203914,13544779,21129,0,0,17,525,10795,21129,525,12029345,13544054,-1,0,64,0,400,20,306,286,306,0.000,0,0,0
GR-200,200,FINISHED,0,0,537,18,1346808,14643062,68045,0,0,20,1709,34565,68045,1709,10486072,14642525,-1,0,205,25,160,8,755,747,753,0.000,0,0,0
GS-201,201,FINISHED,0,0,789,30,10256873,15771552,65506,0,0,23,1640,33390,65506,1640,12992244,15770763,-1,0,215,0,400,20,577,557,557,0.000,0,0,0
GT-202,202,FINISHED,0,1,330,44,6121,5323581,23816,0,0,11,593,11667,23816,593,3928065,5323251,-1,0,67,9,400,20,348,328,348,0.000,0,0,0
GU-203,203,FINISHED,0,0,761,15,9387014,12993701,19539,0,0,12,482,9516,19539,482,12093528,12992940,-1,0,48,0,400,20,250,230,245,0.000,0,0,0
GV-204,204,FINISHED,0,1,221,7,3488,14853808,71058,0,0,15,1783,35573,71058,1783,10105079,14853587,-1,0,227,0,160,8,864,856,859,0.000,0,0,0
GW-205,205,FINISHED,0,0,570,29,3273511,13961429,51349,0,0,30,1272,25354,51349,1272,10779172,13960859,-1,0,163,0,196,10,769,727,758,0.000,0,0,0
GX-206,206,FINISHED,0,0,691,42,7741377,11119513,15540,0,0,19,381,7584,15540,381,10251602,11118822,-1,0,38,0,400,20,196,176,196,0.000,0,0,0
GY-207,207,FINISHED,0,0,620,9,4715089,14654618,52095,0,0,26,1309,25860,52095,1309,11508202,14653998,-1,0,156,9,400,20,737,717,737,0.000,0,0,0
GZ-208,208,FINISHED,0,1,240,21,4068,14998888,80023,0,0,17,2016,40603,80023,2016,10687941,14998648,-1,0,240,0,160,8,679,671,677,0.000,0,0,0
HA-209,209,FINISHED,0,1,109,1,1573,11564953,51783,0,0,18,1301,25914,51783,1301,8538550,11564844,-1,0,148,0,160,8,616,608,616,0.000,0,0,0
HB-210,210,FINISHED,0,1,222,40,4111,8820710,41771,0,0,24,1043,20640,41771,1043,6898509,8820488,-1,0,104,0,160,8,429,419,427,0.000,0,0,0
HC-211,211,FINISHED,0,1,428,41,7791,7512641,34407,0,0,22,848,16907,34407,848,5634856,7512213,-1,0,91,48,400,20,442,422,437,0.000,0,0,0
HD-212,212,FINISHED,0,0,581,35,4244438,9031965,22023,0,0,12,535,10634,22023,535,7777353,9031384,-1,0,73,0,160,8,289,281,285,0.000,0,0,0
HE-213,213,FINISHED,0,0,673,33,7075365,15848852,82431,0,0,10,2056,41583,82431,2056,12154664,15848179,-1,0,254,0,160,8,573,565,565,0.000,0,0,0
HF-214,214,FINISHED,0,0,738,28,9206200,14406866,28906,0,0,25,716,14274,28906,716,12631460,14406128,-1,0,91,0,160,8,400,380,399,0.000,0,0,0
HG-215,215,FINISHED,0,1,457,48,8711,15314542,84261,0,0,30,2114,42091,84261,2114,10325248,15314085,-1,0,260,0,400,20,1163,1143,1150,0.000,0,0,0
HH-216,216,FINISHED,0,1,85,5,1038,121654,597,0,0,26,15,294,597,15,98634,121569,-1,0,3,0,160,8,22,14,22,0.000,0,0,0
HI-217,217,FINISHED,0,0,655,48,6902570,15372065,59622,0,0,10,1481,29982,59622,1481,12095249,15371410,-1,0,173,18,400,20,711,691,709,0.000,0,0,0
HJ-218,218,FINISHED,0,0,551,46,3253266,14168484,53804,0,0,15,1346,26458,53804,1346,10897914,14167933,-1,0,153,25,160,8,607,599,607,0.000,0,0,0
HK-219,219,FINISHED,0,1,60,32,1128,13129163,61096,0,0,21,1560,31022,61096,1560,9773657,13129103,-1,0,182,0,160,8,739,728,737,0.000,0,0,0
HL-220,220,FINISHED,0,1,230,48,4591,13950262,69240,0,0,19,1722,34151,69240,1722,10345579,13950032,-1,0,196,0,160,8,785,774,784,0.000,0,0,0
HM-221,221,FINISHED,0,1,112,38,2053,15309416,84527,0,0,16,2087,41572,84527,2087,10579785,15309304,-1,0,243,0,160,8,894,886,890,0.000,0,0,0
HN-222,222,FINISHED,0,1,192,20,3051,13759186,60654,0,0,18,1551,31154,60654,1551,9550549,13758994,-1,0,194,0,160,8,764,756,764,0.000,0,0,0
HO-223,223,FINISHED,0,1,415,40,7550,9380982,44335,0,0,21,1072,21510,44335,1072,7074284,9380567,-1,0,115,0,400,20,552,532,552,0.000,0,0,0
HP-224,224,FINISHED,0,1,373,39,6558,12423372,56108,0,0,11,1414,28597,56108,1414,9155238,12422999,-1,0,159,9,400,20,723,703,723,0.000,0,0,0
HQ-225,225,FINISHED,0,0,774,15,9690585,13594682,21319,0,0,30,534,10601,21319,534,12473171,13593908,-1,0,60,0,160,8,248,226,246,0.000,0,0,0
HR-226,226,FINISHED,0,1,466,41,8767,1959894,8513,0,0,17,220,4400,8513,220,1466131,1959428,-1,0,23,18,400,20,123,103,123,0.000,0,0,0
HS-227,227,FINISHED,0,0,576,32,3972792,10969968,30781,0,0,20,775,15540,30781,775,9087117,10969392,-1,0,97,0,160,8,404,396,404,0.000,0,0,0
HT-228,228,FINISHED,0,1,395,26,6875,4080346,18275,0,0,14,451,9090,18275,451,3006424,4079951,-1,0,58,0,400,20,302,282,302,0.000,0,0,0
HU-229,229,FINISHED,0,0,779,20,9708574,14795568,31549,0,0,26,795,15837,31549,795,12864343,14794789,-1,0,102,0,400,20,486,466,481,0.000,0,0,0
HV-230,230,FINISHED,0,0,560,47,3337627,14161184,54963,0,0,28,1360,27876,54963,1360,11193671,14160624,-1,0,170,0,160,8,651,643,651,0.000,0,0,0
HW-231,231,FINISHED,0,1,247,27,4493,977726,4944,0,0,30,121,2352,4944,121,811199,977479,-1,0,10,0,160,8,54,46,48,0.000,0,0,0
HX-232,232,FINISHED,0,1,436,41,7885,15182095,80233,0,0,17,2012,40112,80233,2012,10175936,15181659,-1,0,234,0,400,20,1029,1009,1025,0.000,0,0,0
HY-233,233,FINISHED,0,0,716,34,8432612,14206874,31259,0,0,12,785,15564,31259,785,12369250,14206158,-1,0,99,0,200,10,476,456,476,0.000,0,0,0
HZ-234,234,FINISHED,0,0,591,23,4111192,15488739,65946,0,0,23,1651,32963,65946,1651,11245350,15488148,-1,0,207,0,160,8,845,821,830,0.000,0,0,0
IA-235,235,FINISHED,0,1,289,12,5244,13663494,66966,0,0,10,1682,33376,66966,1682,10226166,13663205,-1,0,179,25,400,20,799,779,799,0.000,0,0,0
IB-236,236,FINISHED,0,1,354,33,6289,11102738,48901,0,0,16,1254,25160,48901,1254,8314558,11102384,-1,0,153,0,400,20,685,665,685,0.000,0,0,0
IC-237,237,FINISHED,0,1,282,28,5407,10274789,45675,0,0,27,1170,23222,45675,1170,7745757,10274507,-1,0,127,0,400,20,604,584,604,0.000,0,0,0
ID-238,238,FINISHED,0,0,697,5,6760709,15073966,54232,0,0,12,1333,26530,54232,1333,12251456,15073269,-1,0,144,0,160,8,555,547,550,0.000,0,0,0
IE-239,239,FINISHED,0,0,597,39,4835881,9357684,21360,0,0,16,528,10213,21360,528,8304114,9357087,-1,0,58,0,400,20,277,257,277,0.000,0,0,0
IF-240,240,FINISHED,0,1,335,30,6076,6896156,28692,0,0,22,725,14234,28692,725,4818950,6895821,-1,0,99,0,400,20,463,443,463,0.000,0,0,0
IG-241,241,FINISHED,0,1,55,16,606,11610981,51382,0,0,19,1293,25873,51382,1293,8520997,11610926,-1,0,169,0,160,8,664,656,664,0.000,0,0,0
IH-242,242,FINISHED,0,1,481,42,9083,518355,2070,0,0,10,52,1078,2070,52,354090,517874,-1,0,6,0,400,20,58,38,58,0.000,0,0,0
II-243,243,FINISHED,0,1,449,42,8158,11447187,54395,0,0,13,1363,27198,54395,1363,8963499,11446738,-1,0,147,0,400,20,691,671,686,0.000,0,0,0
IJ-244,244,FINISHED,0,1,135,50,2659,14634620,72555,0,0,16,1829,36852,72555,1829,10429882,14634485,-1,0,231,0,160,8,899,891,899,0.000,0,0,0
IK-245,245,FINISHED,0,1,83,46,1771,7068676,30303,0,0,25,783,15399,30303,783,5179889,7068593,-1,0,100,0,160,8,431,423,431,0.000,0,0,0
IL-246,246,FINISHED,0,0,656,24,6645078,12773804,30284,0,0,26,760,15395,30284,760,11261671,12773148,-1,0,91,0,400,20,439,419,439,0.000,0,0,0
IM-247,247,FINISHED,0,1,216,44,4004,12353605,54713,0,0,15,1377,27221,54713,1377,8913042,12353389,-1,0,163,0,160,8,648,640,648,0.000,0,0,0
IN-248,248,FINISHED,0,1,463,2,7636,12455281,59826,0,0,12,1485,29360,59826,1485,9532915,12454818,-1,0,150,0,400,20,671,651,671,0.000,0,0,0
IO-249,249,FINISHED,0,1,32,44,757,3288554,14426,0,0,12,357,7082,14426,357,2376690,3288522,-1,0,43,0,160,8,191,181,191,0.000,0,0,0
IP-250,250,FINISHED,0,0,559,5,1661439,12079542,46228,0,0,21,1165,23134,46228,1165,9209384,12078983,-1,0,137,9,400,20,617,597,617,0.000,0,0,0
