time,iteration,active,new,finished,ready,io,cpuExecuted,cpuWaste,contextSwitches,contextTime,ioOperations,pageFaults,usedFrames,freeFrames,largestFreeRun,fragmentation,avgWaiting,avgExecution,cpuUtilization,quantum,algorithmChanges
59756,1000,150,99,1,102,48,39572,0,1000,20162,123,891,160,0,0,0.000,26501.988,158.288,0.662,20,0
119933,2000,150,99,1,108,42,79787,0,2000,40124,251,1844,160,0,0,0.000,50972.535,319.148,0.665,20,0
180156,3000,150,99,1,108,42,119853,0,3000,60281,386,2790,160,0,0,0.000,75881.625,479.412,0.665,20,0
240295,4000,150,99,1,112,38,159951,0,4000,80322,495,3569,160,0,0,0.000,102581.984,639.804,0.666,20,0
300395,5000,150,99,1,105,45,199939,0,5000,100434,622,4384,160,0,0,0.000,128235.508,799.756,0.666,20,0
359923,6000,150,98,2,120,30,239539,0,6000,120362,729,5063,160,0,0,0.000,155597.344,958.156,0.666,20,0
420425,7000,150,98,2,116,34,280081,0,7000,140322,848,5797,160,0,0,0.000,183007.172,1120.324,0.666,20,0
479889,8000,150,97,3,96,54,319573,0,8000,160294,963,6468,160,0,0,0.000,211726.703,1278.292,0.666,20,0
539530,9000,150,95,5,119,31,359526,0,9000,179982,1059,6985,160,0,0,0.000,242334.078,1438.104,0.666,20,0
598801,10000,150,94,6,112,38,398920,0,10000,199859,1172,7558,160,0,0,0.000,271481.438,1595.680,0.666,20,0
658361,11000,150,94,6,117,33,438721,0,11000,219618,1290,8129,160,0,0,0.000,297601.344,1754.884,0.666,20,0
718468,12000,150,94,6,100,50,478379,0,12000,240067,1403,8627,160,0,0,0.000,324678.156,1913.516,0.666,20,0
778746,13000,150,93,7,99,51,518611,0,13000,260113,1535,9189,160,0,0,0.000,352849.188,2074.444,0.666,20,0
837846,14000,150,91,9,110,40,557981,0,14000,279843,1660,9733,160,0,0,0.000,383783.438,2231.924,0.666,20,0
897531,15000,150,91,9,112,38,597994,0,15000,299515,1785,10299,160,0,0,0.000,410488.000,2391.976,0.666,20,0
956483,16000,150,91,9,113,37,637208,0,16000,319253,1902,10816,160,0,0,0.000,436931.719,2548.832,0.666,20,0
1016303,17000,150,91,9,117,33,677264,0,17000,339017,2013,11275,160,0,0,0.000,464419.062,2709.056,0.666,20,0
1075478,18000,150,91,9,102,48,716651,0,18000,358805,2149,11868,160,0,0,0.000,490938.938,2866.604,0.666,20,0
1134960,19000,150,91,9,111,39,756415,0,19000,378523,2265,12358,160,0,0,0.000,515078.469,3025.660,0.666,20,0
1193478,20000,150,91,9,102,48,795182,0,20000,398274,2406,12966,160,0,0,0.000,539738.375,3180.728,0.666,20,0
1252367,21000,150,89,11,100,50,834189,0,21000,418156,2544,13556,160,0,0,0.000,573247.375,3336.756,0.666,20,0
1312341,22000,150,88,12,106,44,873860,0,22000,438459,2678,14122,160,0,0,0.000,603412.750,3495.440,0.666,20,0
1372283,23000,150,88,12,111,39,913942,0,23000,458319,2786,14575,160,0,0,0.000,629933.312,3655.768,0.666,20,0
1432161,24000,150,88,12,118,32,953814,0,24000,478325,2897,15052,160,0,0,0.000,656028.312,3815.256,0.666,20,0
1492212,25000,150,88,12,113,37,993571,0,25000,498619,3015,15554,160,0,0,0.000,682085.500,3974.284,0.666,20,0
1552858,26000,150,87,13,107,43,1034254,0,26000,518582,3141,16075,160,0,0,0.000,714771.062,4137.016,0.666,20,0
1612556,27000,150,87,13,110,40,1073854,0,27000,538680,3272,16627,160,0,0,0.000,739662.375,4295.416,0.666,20,0
1673531,28000,150,87,13,108,42,1114572,0,28000,558937,3400,17156,160,0,0,0.000,765519.188,4458.288,0.666,20,0
1733805,29000,150,87,13,102,48,1154744,0,29000,579039,3528,17704,160,0,0,0.000,791604.250,4618.976,0.666,20,0
1794335,30000,150,87,13,108,42,1195257,0,30000,599056,3651,18231,160,0,0,0.000,816118.625,4781.028,0.666,20,0
1853460,31000,150,87,13,113,37,1234337,0,31000,619101,3771,18726,160,0,0,0.000,842467.125,4937.348,0.666,20,0
1914156,32000,150,87,13,108,42,1274859,0,32000,639275,3896,19250,160,0,0,0.000,869193.562,5099.436,0.666,20,0
1974472,33000,150,86,14,112,38,1315468,0,33000,658982,4000,19687,160,0,0,0.000,903348.438,5261.872,0.666,20,0
2034685,34000,150,86,14,122,28,1355695,0,34000,678968,4109,20108,160,0,0,0.000,931495.750,5422.780,0.666,20,0
2094615,35000,150,84,16,114,36,1395411,0,35000,699182,4213,20543,160,0,0,0.000,967097.438,5581.644,0.666,20,0
2154322,36000,150,84,16,110,40,1435166,0,36000,719134,4331,21031,160,0,0,0.000,1001972.500,5740.664,0.666,20,0
2214400,37000,150,83,17,119,31,1475117,0,37000,739261,4446,21509,160,0,0,0.000,1037073.438,5900.468,0.666,20,0
2274361,38000,150,83,17,110,40,1515351,0,38000,758988,4561,21986,160,0,0,0.000,1063745.500,6061.404,0.666,20,0
2335011,39000,150,82,18,106,44,1556236,0,39000,778753,4673,22476,160,0,0,0.000,1099630.625,6224.944,0.666,20,0
2395234,40000,150,82,18,110,40,1596370,0,40000,798842,4790,22987,160,0,0,0.000,1124518.125,6385.480,0.666,20,0
2455105,41000,150,82,18,110,40,1636177,0,41000,818906,4900,23448,160,0,0,0.000,1150644.000,6544.708,0.666,20,0
2516003,42000,150,82,18,117,33,1676864,0,42000,839117,5007,23919,160,0,0,0.000,1177401.375,6707.456,0.666,20,0
2575821,43000,150,80,20,119,31,1716801,0,43000,858998,5126,24430,160,0,0,0.000,1213861.875,6867.204,0.667,20,0
2636073,44000,150,79,21,109,41,1757137,0,44000,878914,5256,24990,160,0,0,0.000,1261710.250,7028.548,0.667,20,0
2696383,45000,150,77,23,111,39,1797339,0,45000,899022,5360,25442,160,0,0,0.000,1309048.750,7189.356,0.667,20,0
2757948,46000,150,77,23,99,51,1838983,0,46000,918943,5501,26039,160,0,0,0.000,1334480.500,7355.932,0.667,20,0
2818237,47000,150,77,23,114,36,1879088,0,47000,939127,5600,26466,160,0,0,0.000,1361221.000,7516.352,0.667,20,0
2876552,48000,150,76,24,113,37,1917545,0,48000,958985,5731,27014,160,0,0,0.000,1397924.875,7670.180,0.667,20,0
2934459,49000,150,76,24,117,33,1955562,0,49000,978875,5842,27502,160,0,0,0.000,1423049.375,7822.248,0.666,20,0
2994485,50000,150,76,24,109,41,1995628,0,50000,998835,5961,28020,160,0,0,0.000,1450120.500,7982.512,0.666,20,0
3054773,51000,150,76,24,96,54,2035902,0,51000,1018849,6097,28595,160,0,0,0.000,1475540.500,8143.608,0.666,20,0
3114832,52000,150,76,24,114,36,2075888,0,52000,1038922,6208,29049,160,0,0,0.000,1501119.375,8303.552,0.666,20,0
3174700,53000,150,76,24,106,44,2115703,0,53000,1058975,6337,29592,160,0,0,0.000,1528419.500,8462.812,0.666,20,0
3234689,54000,150,76,24,116,34,2155523,0,54000,1079144,6451,30078,160,0,0,0.000,1554462.000,8622.092,0.666,20,0
3295447,55000,150,75,25,109,41,2195962,0,55000,1099463,6564,30542,160,0,0,0.000,1594999.375,8783.848,0.666,20,0
3355418,56000,150,75,25,111,39,2236002,0,56000,1119394,6685,31047,160,0,0,0.000,1621427.625,8944.008,0.666,20,0
3414145,57000,150,75,25,117,33,2274878,0,57000,1139245,6816,31606,160,0,0,0.000,1646854.500,9099.512,0.666,20,0
3473851,58000,150,75,25,103,47,2314488,0,58000,1159341,6942,32125,160,0,0,0.000,1673685.500,9257.952,0.666,20,0
3533399,59000,150,74,26,108,42,2354215,0,59000,1179162,7080,32703,160,0,0,0.000,1712412.500,9416.860,0.666,20,0
3593136,60000,150,74,26,110,40,2393970,0,60000,1199144,7189,33166,160,0,0,0.000,1739025.750,9575.880,0.666,20,0
3652295,61000,150,72,28,101,49,2433305,0,61000,1218968,7314,33714,160,0,0,0.000,1795137.875,9733.220,0.666,20,0
3711927,62000,150,71,29,101,49,2472836,0,62000,1239069,7433,34208,160,0,0,0.000,1835241.750,9891.344,0.666,20,0
3773057,63000,150,70,30,106,44,2513737,0,63000,1259298,7552,34711,160,0,0,0.000,1876981.000,10054.948,0.666,20,0
3832663,64000,150,70,30,100,50,2553713,0,64000,1278928,7667,35203,160,0,0,0.000,1903732.375,10214.852,0.666,20,0
3893114,65000,150,69,31,112,38,2593947,0,65000,1299145,7783,35696,160,0,0,0.000,1944684.375,10375.788,0.666,20,0
3952247,66000,150,68,32,112,38,2633395,0,66000,1318830,7896,36175,160,0,0,0.000,1987333.375,10533.580,0.666,20,0
4012434,67000,150,67,33,110,40,2673738,0,67000,1338674,8031,36751,160,0,0,0.000,2029496.250,10694.952,0.666,20,0
4071948,68000,150,67,33,110,40,2713213,0,68000,1358713,8159,37302,160,0,0,0.000,2055506.500,10852.852,0.666,20,0
4131400,69000,150,67,33,119,31,2752798,0,69000,1378580,8288,37849,160,0,0,0.000,2080322.000,11011.192,0.666,20,0
4191013,70000,150,67,33,112,38,2792481,0,70000,1398510,8416,38415,160,0,0,0.000,2107032.500,11169.924,0.666,20,0
4250520,71000,150,67,33,105,45,2832276,0,71000,1418222,8542,38940,160,0,0,0.000,2132811.000,11329.104,0.666,20,0
4311008,72000,150,66,34,123,27,2872862,0,72000,1438124,8649,39418,160,0,0,0.000,2176041.500,11491.448,0.666,20,0
4370237,73000,150,65,35,107,43,2912215,0,73000,1458000,8777,39936,160,0,0,0.000,2219521.000,11648.860,0.666,20,0
4430682,74000,150,65,35,114,36,2952736,0,74000,1477924,8898,40441,160,0,0,0.000,2245083.500,11810.944,0.666,20,0
4491206,75000,150,65,35,101,49,2992740,0,75000,1498444,9039,41036,160,0,0,0.000,2270656.500,11970.960,0.666,20,0
4551227,76000,150,65,35,108,42,3032876,0,76000,1518329,9162,41553,160,0,0,0.000,2296026.500,12131.504,0.666,20,0
4609975,77000,150,64,36,106,44,3071765,0,77000,1538188,9277,42050,160,0,0,0.000,2339834.500,12287.060,0.666,20,0
4669834,78000,150,64,36,114,36,3111633,0,78000,1558179,9394,42545,160,0,0,0.000,2366441.500,12446.532,0.666,20,0
4730396,79000,150,64,36,111,39,3152169,0,79000,1578205,9520,43087,160,0,0,0.000,2392938.250,12608.676,0.666,20,0
4789611,80000,150,64,36,106,44,3191637,0,80000,1597952,9657,43673,160,0,0,0.000,2419020.750,12766.548,0.666,20,0
4850029,81000,150,64,36,109,41,3232276,0,81000,1617731,9784,44217,160,0,0,0.000,2444719.000,12929.104,0.666,20,0
4910325,82000,150,64,36,104,46,3272686,0,82000,1637617,9913,44766,160,0,0,0.000,2470155.750,13090.744,0.666,20,0
4970421,83000,150,64,36,116,34,3312713,0,83000,1657686,10027,45241,160,0,0,0.000,2496214.250,13250.852,0.666,20,0
5031244,84000,150,64,36,109,41,3353490,0,84000,1677732,10156,45773,160,0,0,0.000,2524013.500,13413.960,0.667,20,0
5090089,85000,150,64,36,109,41,3392171,0,85000,1697896,10288,46309,160,0,0,0.000,2548981.250,13568.684,0.666,20,0
5150592,86000,150,64,36,117,33,3432529,0,86000,1718041,10408,46788,160,0,0,0.000,2575402.250,13730.116,0.666,20,0
5210462,87000,150,63,37,111,39,3472268,0,87000,1738172,10507,47184,160,0,0,0.000,2623433.000,13889.072,0.666,20,0
5270264,88000,150,63,37,115,35,3512176,0,88000,1758066,10625,47685,160,0,0,0.000,2650120.750,14048.704,0.666,20,0
5330500,89000,150,62,38,111,39,3552147,0,89000,1778331,10742,48177,160,0,0,0.000,2677095.500,14208.588,0.666,20,0
5391576,90000,150,62,38,112,38,3592860,0,90000,1798694,10861,48678,160,0,0,0.000,2726007.750,14371.440,0.666,20,0
5451438,91000,150,61,39,107,43,3632755,0,91000,1818661,10983,49201,160,0,0,0.000,2752479.250,14531.020,0.666,20,0
5512036,92000,150,61,39,118,32,3673330,0,92000,1838684,11098,49704,160,0,0,0.000,2800904.250,14693.320,0.666,20,0
5572710,93000,150,60,40,127,23,3713647,0,93000,1859041,11203,50138,160,0,0,0.000,2850593.250,14854.588,0.666,20,0
5632451,94000,150,60,40,114,36,3753402,0,94000,1879027,11314,50626,160,0,0,0.000,2878304.250,15013.608,0.666,20,0
5691689,95000,150,59,41,114,36,3792584,0,95000,1899083,11428,51107,160,0,0,0.000,2928986.500,15170.336,0.666,20,0
5751910,96000,150,59,41,118,32,3833221,0,96000,1918667,11536,51567,160,0,0,0.000,2955377.750,15332.884,0.666,20,0
5812069,97000,150,58,42,117,33,3873064,0,97000,1938983,11639,51997,160,0,0,0.000,3006557.500,15492.256,0.666,20,0
5872069,98000,150,57,43,112,38,3912762,0,98000,1959285,11752,52477,160,0,0,0.000,3056634.500,15651.048,0.666,20,0
5931861,99000,150,57,43,117,33,3952911,0,99000,1978928,11869,52963,160,0,0,0.000,3083345.000,15811.644,0.666,20,0
5991209,100000,150,55,45,115,35,3992306,0,100000,1998881,11979,53428,160,0,0,0.000,3157646.750,15969.224,0.666,20,0
6050749,101000,150,55,45,105,45,4031812,0,101000,2018915,12106,53961,160,0,0,0.000,3184361.000,16127.248,0.666,20,0
6111130,102000,150,55,45,111,39,4071985,0,102000,2039123,12225,54439,160,0,0,0.000,3210393.750,16287.940,0.666,20,0
6170001,103000,150,55,45,114,36,4110738,0,103000,2059241,12362,55034,160,0,0,0.000,3235244.750,16442.951,0.666,20,0
6229110,104000,150,54,46,106,44,4149860,0,104000,2079228,12493,55592,160,0,0,0.000,3260879.750,16599.439,0.666,20,0
6287941,105000,150,54,46,111,39,4188576,0,105000,2099343,12600,56043,160,0,0,0.000,3311260.750,16754.305,0.666,20,0
6346905,106000,150,54,46,116,34,4227717,0,106000,2119166,12706,56505,160,0,0,0.000,3337905.750,16910.867,0.666,20,0
6407045,107000,150,53,47,114,36,4267778,0,107000,2139245,12835,57058,160,0,0,0.000,3390087.500,17071.111,0.666,20,0
6466639,108000,150,53,47,108,42,4307394,0,108000,2159223,12950,57565,160,0,0,0.000,3415399.000,17229.576,0.666,20,0
6526238,109000,150,52,48,102,48,4347133,0,109000,2179083,13096,58198,160,0,0,0.000,3464882.750,17388.531,0.666,20,0
6584906,110000,150,49,51,112,38,4385988,0,110000,2198896,13240,58817,160,0,0,0.000,3541759.750,17543.951,0.666,20,0
6645968,111000,150,49,51,110,40,4426694,0,111000,2219252,13358,59325,160,0,0,0.000,3594302.250,17706.775,0.666,20,0
6706989,112000,150,49,51,117,33,4467461,0,112000,2239506,13455,59735,160,0,0,0.000,3623331.000,17869.844,0.666,20,0
6766045,113000,150,46,54,114,36,4506767,0,113000,2259256,13571,60241,160,0,0,0.000,3703962.000,18027.068,0.666,20,0
6825949,114000,150,45,55,112,38,4546618,0,114000,2279309,13683,60708,160,0,0,0.000,3785292.750,18186.473,0.666,20,0
6886914,115000,150,45,55,112,38,4587744,0,115000,2299148,13789,61147,160,0,0,0.000,3812731.250,18350.977,0.666,20,0
6947113,116000,150,44,56,109,41,4627958,0,116000,2319133,13908,61663,160,0,0,0.000,3867088.250,18511.832,0.666,20,0
7007488,117000,150,43,57,113,37,4668454,0,117000,2339012,14026,62190,160,0,0,0.000,3921291.500,18673.816,0.666,20,0
7067067,118000,150,43,57,103,47,4707865,0,118000,2359180,14139,62701,160,0,0,0.000,3949185.250,18831.461,0.666,20,0
7126712,119000,150,42,58,106,44,4747264,0,119000,2379426,14269,63261,160,0,0,0.000,3974150.250,18989.057,0.666,20,0
7186791,120000,150,42,58,106,44,4787512,0,120000,2399257,14391,63767,160,0,0,0.000,4028756.750,19150.049,0.666,20,0
7246691,121000,150,41,59,106,44,4827305,0,121000,2419364,14525,64329,160,0,0,0.000,4082888.750,19309.221,0.666,20,0
7306010,122000,150,40,60,122,28,4866638,0,122000,2439350,14635,64805,160,0,0,0.000,4137617.750,19466.553,0.666,20,0
7366791,123000,150,39,61,116,34,4907220,0,123000,2459549,14743,65282,160,0,0,0.000,4166102.250,19628.881,0.666,20,0
7425942,124000,150,39,61,122,28,4946561,0,124000,2479359,14849,65742,160,0,0,0.000,4222513.500,19786.244,0.666,20,0
7486864,125000,150,37,63,111,39,4987301,0,125000,2499541,14963,66232,160,0,0,0.000,4310716.500,19949.203,0.666,20,0
7547090,126000,150,34,66,103,47,5027582,0,126000,2519486,15094,66788,160,0,0,0.000,4427364.000,20110.328,0.666,20,0
7607528,127000,150,34,66,110,40,5067996,0,127000,2539510,15211,67296,160,0,0,0.000,4452881.500,20271.984,0.666,20,0
7667597,128000,150,34,66,115,35,5107801,0,128000,2559774,15335,67835,160,0,0,0.000,4479298.500,20431.203,0.666,20,0
7728027,129000,150,34,66,112,38,5148160,0,129000,2579845,15457,68372,160,0,0,0.000,4505574.500,20592.641,0.666,20,0
7787962,130000,150,34,66,110,40,5188388,0,130000,2599552,15589,68960,160,0,0,0.000,4532040.000,20753.553,0.666,20,0
7848294,131000,150,34,66,107,43,5228500,0,131000,2619772,15721,69517,160,0,0,0.000,4557384.500,20914.000,0.666,20,0
7907787,132000,150,34,66,105,45,5267980,0,132000,2639785,15847,70053,160,0,0,0.000,4581684.500,21071.920,0.666,20,0
7967828,133000,150,32,68,106,44,5307868,0,133000,2659938,15984,70654,160,0,0,0.000,4671206.000,21231.473,0.666,20,0
8029343,134000,150,29,71,117,33,5349219,0,134000,2680102,16092,71109,160,0,0,0.000,4793695.500,21396.877,0.666,20,0
8090498,135000,150,28,72,118,32,5390188,0,135000,2700288,16205,71605,160,0,0,0.000,4821675.000,21560.752,0.666,20,0
8150493,136000,150,28,72,105,45,5430012,0,136000,2720459,16322,72129,160,0,0,0.000,4881104.500,21720.049,0.666,20,0
8209813,137000,150,28,72,116,34,5469175,0,137000,2740616,16446,72673,160,0,0,0.000,4907203.000,21876.699,0.666,20,0
8270157,138000,150,28,72,114,36,5509803,0,138000,2760332,16555,73152,160,0,0,0.000,4935766.000,22039.213,0.666,20,0
8330400,139000,150,28,72,103,47,5550166,0,139000,2780212,16682,73660,160,0,0,0.000,4962277.000,22200.664,0.666,20,0
8390082,140000,150,28,72,107,43,5589812,0,140000,2800248,16802,74173,160,0,0,0.000,4985987.500,22359.248,0.666,20,0
8449683,141000,150,28,72,100,50,5629148,0,141000,2820513,16930,74738,160,0,0,0.000,5011666.500,22516.592,0.666,20,0
8509601,142000,150,27,73,114,36,5669098,0,142000,2840481,17047,75242,160,0,0,0.000,5070974.000,22676.393,0.666,20,0
8569334,143000,150,27,73,109,41,5708958,0,143000,2860354,17170,75738,160,0,0,0.000,5097865.000,22835.832,0.666,20,0
8629619,144000,150,27,73,107,43,5749027,0,144000,2880570,17292,76237,160,0,0,0.000,5124268.500,22996.107,0.666,20,0
8689759,145000,150,27,73,109,41,5789357,0,145000,2900380,17419,76760,160,0,0,0.000,5150074.000,23157.428,0.666,20,0
8749317,146000,150,27,73,102,48,5828936,0,146000,2920359,17549,77297,160,0,0,0.000,5175419.000,23315.744,0.666,20,0
8809365,147000,150,27,73,117,33,5868640,0,147000,2940703,17666,77788,160,0,0,0.000,5200302.500,23474.561,0.666,20,0
8868564,148000,150,27,73,111,39,5908246,0,148000,2960296,17763,78206,160,0,0,0.000,5227926.000,23632.984,0.666,20,0
8928985,149000,150,24,76,117,33,5948636,0,149000,2980327,17882,78714,160,0,0,0.000,5325865.000,23794.545,0.666,20,0
8988258,150000,150,23,77,110,40,5987979,0,150000,3000257,18013,79253,160,0,0,0.000,5387941.500,23951.916,0.666,20,0
9049593,151000,150,23,77,104,46,6029109,0,151000,3020462,18128,79729,160,0,0,0.000,5451328.000,24116.436,0.666,20,0
9109110,152000,150,22,78,111,39,6068766,0,152000,3040322,18236,80193,160,0,0,0.000,5513316.000,24275.064,0.666,20,0
9169808,153000,150,21,79,120,30,6109153,0,153000,3060633,18327,80588,160,0,0,0.000,5576542.500,24436.611,0.666,20,0
9229691,154000,150,21,79,114,36,6148885,0,154000,3080784,18446,81085,160,0,0,0.000,5603497.500,24595.539,0.666,20,0
9290492,155000,150,21,79,112,38,6189553,0,155000,3100917,18556,81546,160,0,0,0.000,5631617.500,24758.213,0.666,20,0
9350397,156000,150,21,79,112,38,6229512,0,156000,3120863,18664,82025,160,0,0,0.000,5657696.500,24918.049,0.666,20,0
9410098,157000,150,19,81,103,47,6269058,0,157000,3141018,18781,82528,160,0,0,0.000,5758928.000,25076.232,0.666,20,0
9471350,158000,150,16,84,104,46,6310207,0,158000,3161121,18895,83024,160,0,0,0.000,5899126.500,25240.828,0.666,20,0
9531447,159000,150,15,85,109,41,6350643,0,159000,3180782,19001,83472,160,0,0,0.000,5963282.000,25402.572,0.666,20,0
9591565,160000,150,15,85,111,39,6390432,0,160000,3201111,19108,83937,160,0,0,0.000,5990652.000,25561.729,0.666,20,0
9651347,161000,150,15,85,105,45,6430220,0,161000,3221105,19234,84475,160,0,0,0.000,6016487.500,25720.881,0.666,20,0
9711499,162000,150,15,85,107,43,6470192,0,162000,3241285,19339,84932,160,0,0,0.000,6043736.500,25880.768,0.666,20,0
9771283,163000,150,13,87,106,44,6510155,0,163000,3261106,19483,85567,160,0,0,0.000,6107421.000,26040.619,0.666,20,0
9829935,164000,150,12,88,108,42,6549068,0,164000,3280845,19608,86117,160,0,0,0.000,6210317.500,26196.271,0.666,20,0
9889156,165000,150,11,89,114,36,6588478,0,165000,3300656,19724,86613,160,0,0,0.000,6276213.000,26353.912,0.666,20,0
9948733,166000,150,10,90,127,23,6628253,0,166000,3320458,19823,87045,160,0,0,0.000,6344012.000,26513.012,0.666,20,0
10008789,167000,150,8,92,107,43,6668380,0,167000,3340387,19947,87586,160,0,0,0.000,6411635.500,26673.520,0.666,20,0
10068396,168000,150,7,93,114,36,6708137,0,168000,3360237,20072,88126,160,0,0,0.000,6517382.000,26832.549,0.666,20,0
10129076,169000,150,7,93,106,44,6748647,0,169000,3380407,20194,88652,160,0,0,0.000,6543504.500,26994.588,0.666,20,0
10188554,170000,150,6,94,114,36,6787993,0,170000,3400539,20309,89142,160,0,0,0.000,6570177.000,27151.973,0.666,20,0
10248593,171000,150,5,95,115,35,6828248,0,171000,3420323,20419,89625,160,0,0,0.000,6638632.500,27312.992,0.666,20,0
10308368,172000,150,4,96,102,48,6868168,0,172000,3440178,20552,90189,160,0,0,0.000,6746252.000,27472.672,0.666,20,0
10368146,173000,150,2,98,118,32,6907836,0,173000,3460288,20662,90651,160,0,0,0.000,6854999.000,27631.344,0.666,20,0
10428390,174000,150,2,98,109,41,6947826,0,174000,3480542,20778,91161,160,0,0,0.000,6882761.500,27791.305,0.666,20,0
10488858,175000,150,2,98,113,37,6988516,0,175000,3500320,20892,91680,160,0,0,0.000,6909424.500,27954.064,0.666,20,0
10549362,176000,150,2,98,98,52,7028993,0,176000,3520347,21018,92235,160,0,0,0.000,6936401.000,28115.973,0.666,20,0
10610568,177000,150,2,98,103,47,7070299,0,177000,3540247,21156,92836,160,0,0,0.000,6961194.500,28281.195,0.666,20,0
